// Jest Snapshot v1, https://goo.gl/fbAQLP

exports[`Error when calling non function value undefined: expectParsedError 1`] = `
Object {
  "alertResult": Array [],
  "code": "(() => undefined())();",
  "displayResult": Array [],
  "errors": Array [
    CallingNonFunctionValue {
      "callee": undefined,
      "location": SourceLocation {
        "end": Position {
          "column": 18,
          "line": 1,
        },
        "start": Position {
          "column": 7,
          "line": 1,
        },
      },
      "severity": "Error",
      "type": "Runtime",
    },
  ],
  "parsedErrors": "native:\\"Line -1: TypeError: Calling non-function value undefined\\"
interpreted:\\"Line 1: Calling non-function value undefined\\"",
  "result": undefined,
  "resultStatus": "error",
  "visualiseListResult": Array [],
}
`;

exports[`Runtime error when redeclaring constant 1`] = `
Object {
  "status": "finished",
  "value": undefined,
}
`;

exports[`Runtime error when redeclaring constant 2`] = `""`;

exports[`Runtime error when redeclaring constant 3`] = `
Object {
  "status": "error",
}
`;

exports[`Runtime error when redeclaring constant 4`] = `"Line 2: Redeclaring name f"`;

exports[`Runtime error when redeclaring constant as function 1`] = `
Object {
  "status": "finished",
  "value": undefined,
}
`;

exports[`Runtime error when redeclaring constant as function 2`] = `""`;

exports[`Runtime error when redeclaring constant as function 3`] = `
Object {
  "status": "error",
}
`;

exports[`Runtime error when redeclaring constant as function 4`] = `"Line 1: Redeclaring name f"`;

exports[`Runtime error when redeclaring constant as variable 1`] = `
Object {
  "status": "finished",
  "value": undefined,
}
`;

exports[`Runtime error when redeclaring constant as variable 2`] = `""`;

exports[`Runtime error when redeclaring constant as variable 3`] = `
Object {
  "status": "error",
}
`;

exports[`Runtime error when redeclaring constant as variable 4`] = `"Line 2: Redeclaring name f"`;

exports[`Runtime error when redeclaring function 1`] = `
Object {
  "status": "finished",
  "value": undefined,
}
`;

exports[`Runtime error when redeclaring function 2`] = `""`;

exports[`Runtime error when redeclaring function 3`] = `
Object {
  "status": "error",
}
`;

exports[`Runtime error when redeclaring function 4`] = `"Line 1: Redeclaring name f"`;

exports[`Runtime error when redeclaring function as constant 1`] = `
Object {
  "status": "finished",
  "value": undefined,
}
`;

exports[`Runtime error when redeclaring function as constant 2`] = `""`;

exports[`Runtime error when redeclaring function as constant 3`] = `
Object {
  "status": "error",
}
`;

exports[`Runtime error when redeclaring function as constant 4`] = `"Line 2: Redeclaring name f"`;

exports[`Runtime error when redeclaring function as variable 1`] = `
Object {
  "status": "finished",
  "value": undefined,
}
`;

exports[`Runtime error when redeclaring function as variable 2`] = `""`;

exports[`Runtime error when redeclaring function as variable 3`] = `
Object {
  "status": "error",
}
`;

exports[`Runtime error when redeclaring function as variable 4`] = `"Line 2: Redeclaring name f"`;

exports[`Runtime error when redeclaring variable 1`] = `
Object {
  "status": "finished",
  "value": undefined,
}
`;

exports[`Runtime error when redeclaring variable 2`] = `""`;

exports[`Runtime error when redeclaring variable 3`] = `
Object {
  "status": "error",
}
`;

exports[`Runtime error when redeclaring variable 4`] = `"Line 2: Redeclaring name f"`;

exports[`Runtime error when redeclaring variable as constant 1`] = `
Object {
  "status": "finished",
  "value": undefined,
}
`;

exports[`Runtime error when redeclaring variable as constant 2`] = `""`;

exports[`Runtime error when redeclaring variable as constant 3`] = `
Object {
  "status": "error",
}
`;

exports[`Runtime error when redeclaring variable as constant 4`] = `"Line 2: Redeclaring name f"`;

exports[`Runtime error when redeclaring variable as function 1`] = `
Object {
  "status": "finished",
  "value": undefined,
}
`;

exports[`Runtime error when redeclaring variable as function 2`] = `""`;

exports[`Runtime error when redeclaring variable as function 3`] = `
Object {
  "status": "error",
}
`;

exports[`Runtime error when redeclaring variable as function 4`] = `"Line 1: Redeclaring name f"`;
